  void function func(
          a int
          b float
               )

   ----=====================================================----
