  struct a
          a int
          b int
          c int
  c pointer to pointer to pointer to struct a

   ----=====================================================----
