  struct a
          struct b
                  struct c
                          ind char
                  third struct c

   ----=====================================================----
