 Symbols Table:
   main  void function main(
  )
    {
      Statements:
      !
        0
    }
