 Symbols Table:
   main  void function main(
  )
    {
      Statements:
        a
      =
            5
          !=
            6
        +
          4
      Symbols Table:
              a int
    }
