 Symbols Table:
   func  int function func(
          a pointer to pointer to pointer to int
  )
    {
      Statements:
      return
        0
    }
   main  void function main(
  )
    {
      Statements:
      func
      (
        q
      )
      Symbols Table:
              q pointer to pointer to pointer to int
    }
