Expression must have integral type	 line 9, col 59

