 Symbols Table:
   main  void function main(
  )
    {
      Statements:
      *
        &
          a
      Symbols Table:
              a int
    }
