 Symbols Table:
   func  int function func(
           pointer to pointer to int
  )
    {
      Statements:
      return
        0
    }
   main  void function main(
  )
    {
      Statements:
      func
      (
        &
          c
      )
      Symbols Table:
              a array[5] of int
              b int
              c pointer to int
    }
