Microsoft (R) Incremental Linker Version 5.12.8078
Copyright (C) Microsoft Corp 1992-1998. All rights reserved.

LINK : fatal error LNK1181: cannot open input file "Debug\..\\083.obj"
