 Symbols Table:
   fo  void function fo(
          arg int
  )
    {
      Statements:
        arg
      =
        5
--------------------------
      Symbols Table:
    }
   main  void function main(
  )
    {
      Statements:
      {
        Statements:
          param0
        =
          a
--------------------------
          param0
        =
          5
--------------------------
      BLOCK_LABEL2:
        Symbols Table:
      }
--------------------------
--------------------------
      Symbols Table:
              a const int
    }
