 4
*
    3
   -
    2
  *
    g
   -
    4
 *
   w
  +
   4
